python : C:\Users\STUDENTS\AppData\Roaming\Python\Python314\site-packages\langs
mith\schemas.py:22: UserWarning: Core Pydantic V1 functionality isn't 
compatible with Python 3.14 or greater.
At line:1 char:1
+ python -m pytest tests/unit -v --tb=short 2>&1 | Tee-Object -FilePath ...
+ ~~~~~~~~~~~~~~~~~~~~~~~~~~~~~~~~~~~~~~~~~~~~~~
    + CategoryInfo          : NotSpecified: (C:\Users\STUDEN....14 or greater. 
   :String) [], RemoteException
    + FullyQualifiedErrorId : NativeCommandError
 
  from pydantic.v1 import (
============================= test session starts =============================
platform win32 -- Python 3.14.0, pytest-9.0.1, pluggy-1.6.0 -- C:\Python314\python.exe
cachedir: .pytest_cache
hypothesis profile 'default'
rootdir: C:\Users\STUDENTS\Desktop\exam rag system\kenya-procurement-system
configfile: pytest.ini
plugins: anyio-4.12.0, hypothesis-6.151.5, langsmith-0.4.49, asyncio-1.3.0, cov-7.0.0, mock-3.15.1, timeout-2.4.0
asyncio: mode=Mode.STRICT, debug=False, asyncio_default_fixture_loop_scope=None, asyncio_default_test_loop_scope=function
C:\Users\STUDENTS\AppData\Roaming\Python\Python314\site-packages\coverage\contr
ol.py:958: CoverageWarning: No data was collected. (no-data-collected); see htt
ps://coverage.readthedocs.io/en/7.13.3/messages.html#warning-no-data-collected
  self._warn("No data was collected.", slug="no-data-collected")
C:\Users\STUDENTS\AppData\Roaming\Python\Python314\site-packages\coverage\repor
t_core.py:113: CoverageWarning: Couldn't parse 'C:\Users\STUDENTS\Desktop\exam 
rag system\kenya-procurement-system\core\__init__.py': invalid or missing 
encoding declaration (couldnt-parse); see 
https://coverage.readthedocs.io/en/7.13.3/messages.html#warning-couldnt-parse
  coverage._warn(msg, slug="couldnt-parse")
C:\Users\STUDENTS\AppData\Roaming\Python\Python314\site-packages\coverage\repor
t_core.py:107: CoverageWarning: Couldn't parse Python file 
'C:\Users\STUDENTS\Desktop\exam rag 
system\kenya-procurement-system\core\gemini_client.py' (couldnt-parse); see 
https://coverage.readthedocs.io/en/7.13.3/messages.html#warning-couldnt-parse
  coverage._warn(msg, slug="couldnt-parse")
collecting ... collected 0 items

ERROR: Coverage failure: total of 0 is less than fail-under=70

=============================== tests coverage ================================
_______________ coverage: platform win32, python 3.14.0-final-0 _______________

Name                 Stmts   Miss  Cover   Missing
--------------------------------------------------
core\graph.py           14     14     0%   1-16
core\logging.py         37     37     0%   5-96
core\models.py          97     97     0%   1-107
core\monitoring.py       0      0   100%
core\safety.py          48     48     0%   5-99
--------------------------------------------------
TOTAL                  196    196     0%
FAIL Required test coverage of 70% not reached. Total coverage: 0.00%
============================ no tests ran in 0.61s ============================
